/mnt/d/Github/ets-big-data-kel-4/lakehouse/BONUS_dashboard_integration.py:244: DeprecationWarning: datetime.datetime.utcnow() is deprecated and scheduled for removal in a future version. Use timezone-aware objects to represent datetimes in UTC: datetime.datetime.now(datetime.UTC).
  print(f"Started at: {datetime.utcnow().isoformat()}Z\n")
WARNING: Using incubator modules: jdk.incubator.vector
Using Spark's default log4j profile: org/apache/spark/log4j2-defaults.properties
26/05/26 13:21:52 WARN Utils: Your hostname, Rii-PC, resolves to a loopback address: 127.0.1.1; using 10.255.255.254 instead (on interface lo)
26/05/26 13:21:52 WARN Utils: Set SPARK_LOCAL_IP if you need to bind to another address
:: loading settings :: url = jar:file:/mnt/d/Github/ets-big-data-kel-4/.venv/lib/python3.13/site-packages/pyspark/jars/ivy-2.5.3.jar!/org/apache/ivy/core/settings/ivysettings.xml
Ivy Default Cache set to: /home/fathari/.ivy2.5.2/cache
The jars for the packages stored in: /home/fathari/.ivy2.5.2/jars
io.delta#delta-spark_4.1_2.13 added as a dependency
:: resolving dependencies :: org.apache.spark#spark-submit-parent-939fcd2a-e249-4270-a336-bcc5e7273647;1.0
	confs: [default]
	found io.delta#delta-spark_4.1_2.13;4.2.0 in central
	found io.delta#delta-storage;4.2.0 in central
	found io.unitycatalog#unitycatalog-client;0.4.1 in central
	found org.slf4j#slf4j-api;2.0.13 in central
	found org.apache.logging.log4j#log4j-slf4j2-impl;2.25.3 in central
	found org.apache.logging.log4j#log4j-api;2.25.3 in central
	found com.google.code.findbugs#jsr305;3.0.2 in central
	found org.apache.logging.log4j#log4j-core;2.25.3 in spark-list
	found io.delta#delta-kernel-api;4.2.0 in central
	found org.roaringbitmap#RoaringBitmap;0.9.25 in central
	found com.fasterxml.jackson.core#jackson-databind;2.13.5 in central
	found com.fasterxml.jackson.core#jackson-annotations;2.13.5 in central
	found com.fasterxml.jackson.core#jackson-core;2.13.5 in central
	found com.fasterxml.jackson.datatype#jackson-datatype-jdk8;2.13.5 in central
	found org.roaringbitmap#shims;0.9.25 in central
	found io.delta#delta-kernel-defaults;4.2.0 in central
	found org.apache.hadoop#hadoop-client-runtime;3.4.2 in central
	found org.apache.parquet#parquet-hadoop;1.16.0 in central
	found org.apache.parquet#parquet-column;1.16.0 in central
	found org.apache.parquet#parquet-common;1.16.0 in central
	found org.apache.parquet#parquet-format-structures;1.16.0 in central
	found javax.annotation#javax.annotation-api;1.3.2 in central
	found org.apache.parquet#parquet-encoding;1.16.0 in central
	found org.locationtech.jts#jts-core;1.20.0 in central
	found org.xerial.snappy#snappy-java;1.1.10.7 in central
	found io.airlift#aircompressor;2.0.2 in central
	found commons-pool#commons-pool;1.6 in central
	found com.github.luben#zstd-jni;1.5.7-3 in central
	found org.apache.hadoop#hadoop-client-api;3.4.2 in central
	found commons-logging#commons-logging;1.3.0 in central
	found org.apache.parquet#parquet-jackson;1.16.0 in central
	found io.delta#delta-kernel-unitycatalog;4.2.0 in central
:: resolution report :: resolve 5643ms :: artifacts dl 85ms
	:: modules in use:
	com.fasterxml.jackson.core#jackson-annotations;2.13.5 from central in [default]
	com.fasterxml.jackson.core#jackson-core;2.13.5 from central in [default]
	com.fasterxml.jackson.core#jackson-databind;2.13.5 from central in [default]
	com.fasterxml.jackson.datatype#jackson-datatype-jdk8;2.13.5 from central in [default]
	com.github.luben#zstd-jni;1.5.7-3 from central in [default]
	com.google.code.findbugs#jsr305;3.0.2 from central in [default]
	commons-logging#commons-logging;1.3.0 from central in [default]
	commons-pool#commons-pool;1.6 from central in [default]
	io.airlift#aircompressor;2.0.2 from central in [default]
	io.delta#delta-kernel-api;4.2.0 from central in [default]
	io.delta#delta-kernel-defaults;4.2.0 from central in [default]
	io.delta#delta-kernel-unitycatalog;4.2.0 from central in [default]
	io.delta#delta-spark_4.1_2.13;4.2.0 from central in [default]
	io.delta#delta-storage;4.2.0 from central in [default]
	io.unitycatalog#unitycatalog-client;0.4.1 from central in [default]
	javax.annotation#javax.annotation-api;1.3.2 from central in [default]
	org.apache.hadoop#hadoop-client-api;3.4.2 from central in [default]
	org.apache.hadoop#hadoop-client-runtime;3.4.2 from central in [default]
	org.apache.logging.log4j#log4j-api;2.25.3 from central in [default]
	org.apache.logging.log4j#log4j-core;2.25.3 from spark-list in [default]
	org.apache.logging.log4j#log4j-slf4j2-impl;2.25.3 from central in [default]
	org.apache.parquet#parquet-column;1.16.0 from central in [default]
	org.apache.parquet#parquet-common;1.16.0 from central in [default]
	org.apache.parquet#parquet-encoding;1.16.0 from central in [default]
	org.apache.parquet#parquet-format-structures;1.16.0 from central in [default]
	org.apache.parquet#parquet-hadoop;1.16.0 from central in [default]
	org.apache.parquet#parquet-jackson;1.16.0 from central in [default]
	org.locationtech.jts#jts-core;1.20.0 from central in [default]
	org.roaringbitmap#RoaringBitmap;0.9.25 from central in [default]
	org.roaringbitmap#shims;0.9.25 from central in [default]
	org.slf4j#slf4j-api;2.0.13 from central in [default]
	org.xerial.snappy#snappy-java;1.1.10.7 from central in [default]
	:: evicted modules:
	org.slf4j#slf4j-api;2.0.17 by [org.slf4j#slf4j-api;2.0.13] in [default]
	org.slf4j#slf4j-api;1.7.36 by [org.slf4j#slf4j-api;2.0.13] in [default]
	org.slf4j#slf4j-api;1.7.33 by [org.slf4j#slf4j-api;2.0.13] in [default]
	org.xerial.snappy#snappy-java;1.1.10.4 by [org.xerial.snappy#snappy-java;1.1.10.7] in [default]
	---------------------------------------------------------------------
	|                  |            modules            ||   artifacts   |
	|       conf       | number| search|dwnlded|evicted|| number|dwnlded|
	---------------------------------------------------------------------
	|      default     |   36  |   0   |   0   |   4   ||   32  |   0   |
	---------------------------------------------------------------------
:: retrieving :: org.apache.spark#spark-submit-parent-939fcd2a-e249-4270-a336-bcc5e7273647
	confs: [default]
	0 artifacts copied, 32 already retrieved (0kB/46ms)
26/05/26 13:22:05 WARN NativeCodeLoader: Unable to load native-hadoop library for your platform... using builtin-java classes where applicable
Using Spark's default log4j profile: org/apache/spark/log4j2-defaults.properties
Setting default log level to "WARN".
To adjust logging level use sc.setLogLevel(newLevel). For SparkR, use setLogLevel(newLevel).
26/05/26 13:22:19 WARN Utils: Service 'SparkUI' could not bind on port 4040. Attempting port 4041.
26/05/26 13:22:19 WARN Utils: Service 'SparkUI' could not bind on port 4041. Attempting port 4042.
26/05/26 13:22:19 WARN Utils: Service 'SparkUI' could not bind on port 4042. Attempting port 4043.
26/05/26 13:22:19 WARN Utils: Service 'SparkUI' could not bind on port 4043. Attempting port 4044.
26/05/26 13:22:19 WARN Utils: Service 'SparkUI' could not bind on port 4044. Attempting port 4045.
26/05/26 13:22:19 WARN Utils: Service 'SparkUI' could not bind on port 4045. Attempting port 4046.
