Exception in thread Thread-1 (consume_topic):
Exception in thread Thread-2 (consume_topic):
Traceback (most recent call last):
Traceback (most recent call last):
  File "/usr/lib/python3.13/threading.py", line 1043, in _bootstrap_inner
    self.run()
    ~~~~~~~~^^
  File "/usr/lib/python3.13/threading.py", line 994, in run
    self._target(*self._args, **self._kwargs)
    ~~~~~~~~~~~~^^^^^^^^^^^^^^^^^^^^^^^^^^^^^
  File "/usr/lib/python3.13/threading.py", line 1043, in _bootstrap_inner
    self.run()
    ~~~~~~~~^^
  File "/usr/lib/python3.13/threading.py", line 994, in run
    self._target(*self._args, **self._kwargs)
    ~~~~~~~~~~~~^^^^^^^^^^^^^^^^^^^^^^^^^^^^^
  File "/mnt/d/Github/ets-big-data-kel-4/kafka/consumer_to_hdfs.py", line 135, in consume_topic
    consumer = KafkaConsumer(
        topic,
    ...<6 lines>...
        consumer_timeout_ms=5000,   # timeout 5 detik kalau tidak ada pesan baru
    )
  File "/mnt/d/Github/ets-big-data-kel-4/kafka/consumer_to_hdfs.py", line 135, in consume_topic
    consumer = KafkaConsumer(
        topic,
    ...<6 lines>...
        consumer_timeout_ms=5000,   # timeout 5 detik kalau tidak ada pesan baru
    )
  File "/mnt/d/Github/ets-big-data-kel-4/.venv/lib/python3.13/site-packages/kafka/consumer/group.py", line 397, in __init__
    self._client = self.config['kafka_client'](metrics=self._metrics, **self.config)
                   ~~~~~~~~~~~~~~~~~~~~~~~~~~~^^^^^^^^^^^^^^^^^^^^^^^^^^^^^^^^^^^^^^
  File "/mnt/d/Github/ets-big-data-kel-4/.venv/lib/python3.13/site-packages/kafka/client_async.py", line 262, in __init__
    self.config['api_version'] = self.check_version()
                                 ~~~~~~~~~~~~~~~~~~^^
  File "/mnt/d/Github/ets-big-data-kel-4/.venv/lib/python3.13/site-packages/kafka/client_async.py", line 1076, in check_version
    raise Errors.NoBrokersAvailable()
  File "/mnt/d/Github/ets-big-data-kel-4/.venv/lib/python3.13/site-packages/kafka/consumer/group.py", line 397, in __init__
    self._client = self.config['kafka_client'](metrics=self._metrics, **self.config)
                   ~~~~~~~~~~~~~~~~~~~~~~~~~~~^^^^^^^^^^^^^^^^^^^^^^^^^^^^^^^^^^^^^^
  File "/mnt/d/Github/ets-big-data-kel-4/.venv/lib/python3.13/site-packages/kafka/client_async.py", line 262, in __init__
    self.config['api_version'] = self.check_version()
                                 ~~~~~~~~~~~~~~~~~~^^
kafka.errors.NoBrokersAvailable: NoBrokersAvailable
  File "/mnt/d/Github/ets-big-data-kel-4/.venv/lib/python3.13/site-packages/kafka/client_async.py", line 1076, in check_version
    raise Errors.NoBrokersAvailable()
kafka.errors.NoBrokersAvailable: NoBrokersAvailable
nohup: ignoring input
nohup: failed to run command 'python': No such file or directory
